// Jest Snapshot v1, https://goo.gl/fbAQLP

exports[`Score Input renders Score component 1`] = `
<div>
  <h3 />
  <h3 />
</div>
`;
