// Jest Snapshot v1, https://goo.gl/fbAQLP

exports[`App component renders App 1`] = `
<section>
  <h1>
    DRAW THE THING
  </h1>
  <Connect(GamePage) />
</section>
`;

